// Jest Snapshot v1, https://goo.gl/fbAQLP

exports[`renders learn react link 1`] = `"<header class=\\"appHeader\\"><img src=\\"logo.svg\\" class=\\"appLogo\\" alt=\\"logo\\"></header><main><div class=\\"sectionRow\\"><h2 class=\\"sectionTitle\\">Trending Movies</h2><div class=\\"react-multi-carousel-list  \\"><ul class=\\"react-multi-carousel-track \\" style=\\"transition:none;overflow:unset;transform:translate3d(0px,0,0)\\"></ul></div></div><div class=\\"sectionRow\\"><h2 class=\\"sectionTitle\\">New Movies</h2><div class=\\"react-multi-carousel-list  \\"><ul class=\\"react-multi-carousel-track \\" style=\\"transition:none;overflow:unset;transform:translate3d(0px,0,0)\\"></ul></div></div><div class=\\"sectionRow\\"><h2 class=\\"sectionTitle\\">Upcoming Movies</h2><div class=\\"react-multi-carousel-list  \\"><ul class=\\"react-multi-carousel-track \\" style=\\"transition:none;overflow:unset;transform:translate3d(0px,0,0)\\"></ul></div></div></main>"`;
