// Jest Snapshot v1, https://goo.gl/fbAQLP

exports[`render renders properly 1`] = `"<div class=\\"sectionRow\\"><h2 class=\\"sectionTitle\\">New</h2><div class=\\"react-multi-carousel-list  \\"><ul class=\\"react-multi-carousel-track \\" style=\\"transition: none; overflow: unset; transform: translate3d(0px,0,0);\\"></ul></div></div>"`;
